MPLINK 5.09, LINKER
Linker Map File - Created Mon Nov 11 11:26:04 2019

                                 Section Info
                  Section       Type    Address   Location Size(Bytes)
                ---------  ---------  ---------  ---------  ---------
                      rst       code   0x000000    program   0x000004
                   .cinit    romdata   0x000004    program   0x000002
                    .code       code   0x000006    program   0x00009a
                    pdata       code   0x0000a0    program   0x000022
                     main       code   0x0000c2    program   0x000016
.config_300000_BUILD/DEFAULT/DEBUG/TEMPCONTROL.    romdata   0x300000    program   0x000001
                     acs0      udata   0x000000       data   0x000008
                   tables      udata   0x000400       data   0x000080



                              Program Memory Usage 
                               Start         End      
                           ---------   ---------      
                            0x000000    0x0000d7      
                            0x300000    0x300000      
            217 out of 132120 program addresses used, program memory utilization is 0%



                              Symbols - Sorted by Name
                     Name    Address   Location    Storage File                     
                ---------  ---------  ---------  --------- ---------                
            Temp_ConvertT   0x00004a    program     extern H:\Microprocessors\Project Temp\TempControl.X\Temp.asm
             Temp_ReadROM   0x000028    program     extern H:\Microprocessors\Project Temp\TempControl.X\Temp.asm
               Temp_setup   0x000006    program     extern H:\Microprocessors\Project Temp\TempControl.X\Temp.asm
                   Write0   0x00007e    program     static H:\Microprocessors\Project Temp\TempControl.X\Temp.asm
                   Write1   0x00006c    program     static H:\Microprocessors\Project Temp\TempControl.X\Temp.asm
                 bigdelay   0x000096    program     static H:\Microprocessors\Project Temp\TempControl.X\Temp.asm
                    delay   0x000090    program     static H:\Microprocessors\Project Temp\TempControl.X\Temp.asm
                    dloop   0x000098    program     static H:\Microprocessors\Project Temp\TempControl.X\Temp.asm
                  myTable   0x0000a0    program     static H:\Microprocessors\Project Temp\TempControl.X\TempControl.asm
                    setup   0x0000c2    program     static H:\Microprocessors\Project Temp\TempControl.X\TempControl.asm
                    start   0x0000ca    program     static H:\Microprocessors\Project Temp\TempControl.X\TempControl.asm
                Temp_cnt1   0x000000       data     static H:\Microprocessors\Project Temp\TempControl.X\Temp.asm
                Temp_cnt2   0x000001       data     static H:\Microprocessors\Project Temp\TempControl.X\Temp.asm
              Write0_high   0x000004       data     static H:\Microprocessors\Project Temp\TempControl.X\Temp.asm
               Write0_low   0x000005       data     static H:\Microprocessors\Project Temp\TempControl.X\Temp.asm
              Write1_high   0x000002       data     static H:\Microprocessors\Project Temp\TempControl.X\Temp.asm
               Write1_low   0x000003       data     static H:\Microprocessors\Project Temp\TempControl.X\Temp.asm
                  counter   0x000006       data     static H:\Microprocessors\Project Temp\TempControl.X\TempControl.asm
              delay_count   0x000007       data     static H:\Microprocessors\Project Temp\TempControl.X\TempControl.asm
                  myArray   0x000400       data     static H:\Microprocessors\Project Temp\TempControl.X\TempControl.asm



                              Symbols - Sorted by Address
                     Name    Address   Location    Storage File                     
                ---------  ---------  ---------  --------- ---------                
               Temp_setup   0x000006    program     extern H:\Microprocessors\Project Temp\TempControl.X\Temp.asm
             Temp_ReadROM   0x000028    program     extern H:\Microprocessors\Project Temp\TempControl.X\Temp.asm
            Temp_ConvertT   0x00004a    program     extern H:\Microprocessors\Project Temp\TempControl.X\Temp.asm
                   Write1   0x00006c    program     static H:\Microprocessors\Project Temp\TempControl.X\Temp.asm
                   Write0   0x00007e    program     static H:\Microprocessors\Project Temp\TempControl.X\Temp.asm
                    delay   0x000090    program     static H:\Microprocessors\Project Temp\TempControl.X\Temp.asm
                 bigdelay   0x000096    program     static H:\Microprocessors\Project Temp\TempControl.X\Temp.asm
                    dloop   0x000098    program     static H:\Microprocessors\Project Temp\TempControl.X\Temp.asm
                  myTable   0x0000a0    program     static H:\Microprocessors\Project Temp\TempControl.X\TempControl.asm
                    setup   0x0000c2    program     static H:\Microprocessors\Project Temp\TempControl.X\TempControl.asm
                    start   0x0000ca    program     static H:\Microprocessors\Project Temp\TempControl.X\TempControl.asm
                Temp_cnt1   0x000000       data     static H:\Microprocessors\Project Temp\TempControl.X\Temp.asm
                Temp_cnt2   0x000001       data     static H:\Microprocessors\Project Temp\TempControl.X\Temp.asm
              Write1_high   0x000002       data     static H:\Microprocessors\Project Temp\TempControl.X\Temp.asm
               Write1_low   0x000003       data     static H:\Microprocessors\Project Temp\TempControl.X\Temp.asm
              Write0_high   0x000004       data     static H:\Microprocessors\Project Temp\TempControl.X\Temp.asm
               Write0_low   0x000005       data     static H:\Microprocessors\Project Temp\TempControl.X\Temp.asm
                  counter   0x000006       data     static H:\Microprocessors\Project Temp\TempControl.X\TempControl.asm
              delay_count   0x000007       data     static H:\Microprocessors\Project Temp\TempControl.X\TempControl.asm
                  myArray   0x000400       data     static H:\Microprocessors\Project Temp\TempControl.X\TempControl.asm


