MPLINK 5.09, LINKER
Linker Map File - Created Mon Nov 18 10:41:58 2019

                                 Section Info
                  Section       Type    Address   Location Size(Bytes)
                ---------  ---------  ---------  ---------  ---------
                      rst       code   0x000000    program   0x000004
                   .cinit    romdata   0x000004    program   0x000002
                      LCD       code   0x000006    program   0x00020a
                    .code       code   0x000210    program   0x000172
                     main       code   0x000382    program   0x0000b6
                    pdata       code   0x000438    program   0x000012
.config_300000_BUILD/DEFAULT/PRODUCTION/TEMPCON    romdata   0x300000    program   0x000001
                     acs0      udata   0x000000       data   0x000011
                  acs_ovr      udata   0x000011       data   0x000004
                   tables      udata   0x000400       data   0x000080



                              Program Memory Usage 
                               Start         End      
                           ---------   ---------      
                            0x000000    0x000449      
                            0x300000    0x300000      
            1099 out of 132120 program addresses used, program memory utilization is 0%



                              Symbols - Sorted by Name
                     Name    Address   Location    Storage File                     
                ---------  ---------  ---------  --------- ---------                
                   LCD_.5   0x000130    program     extern H:\Microprocessors\Project Temp\TempControl.X\LCD.asm
                    LCD_1   0x000138    program     extern H:\Microprocessors\Project Temp\TempControl.X\LCD.asm
                LCD_Clear   0x000174    program     extern H:\Microprocessors\Project Temp\TempControl.X\LCD.asm
               LCD_Enable   0x0001c0    program     static H:\Microprocessors\Project Temp\TempControl.X\LCD.asm
              LCD_Hex_Nib   0x00014c    program     static H:\Microprocessors\Project Temp\TempControl.X\LCD.asm
         LCD_Loop_message   0x000168    program     static H:\Microprocessors\Project Temp\TempControl.X\LCD.asm
                LCD_Multi   0x0000f8    program     static H:\Microprocessors\Project Temp\TempControl.X\LCD.asm
          LCD_Send_Byte_D   0x00019e    program     extern H:\Microprocessors\Project Temp\TempControl.X\LCD.asm
          LCD_Send_Byte_I   0x000182    program     static H:\Microprocessors\Project Temp\TempControl.X\LCD.asm
                LCD_Setup   0x000006    program     extern H:\Microprocessors\Project Temp\TempControl.X\LCD.asm
            LCD_Write_Dec   0x00005c    program     extern H:\Microprocessors\Project Temp\TempControl.X\LCD.asm
            LCD_Write_Hex   0x000142    program     extern H:\Microprocessors\Project Temp\TempControl.X\LCD.asm
        LCD_Write_Message   0x000160    program     extern H:\Microprocessors\Project Temp\TempControl.X\LCD.asm
                LCD_delay   0x000206    program     static H:\Microprocessors\Project Temp\TempControl.X\LCD.asm
             LCD_delay_ms   0x0001e4    program     static H:\Microprocessors\Project Temp\TempControl.X\LCD.asm
           LCD_delay_x4us   0x0001f2    program     static H:\Microprocessors\Project Temp\TempControl.X\LCD.asm
       Serial_to_Parallel   0x0002fc    program     static H:\Microprocessors\Project Temp\TempControl.X\Temp.asm
            Temp_ConvertT   0x000294    program     extern H:\Microprocessors\Project Temp\TempControl.X\Temp.asm
                Temp_Read   0x000232    program     extern H:\Microprocessors\Project Temp\TempControl.X\Temp.asm
             Temp_ReadROM   0x000250    program     extern H:\Microprocessors\Project Temp\TempControl.X\Temp.asm
      Temp_ReadScratchpad   0x0002b6    program     extern H:\Microprocessors\Project Temp\TempControl.X\Temp.asm
       Temp_ReadTimeSlots   0x0002d8    program     extern H:\Microprocessors\Project Temp\TempControl.X\Temp.asm
             Temp_SkipROM   0x000272    program     extern H:\Microprocessors\Project Temp\TempControl.X\Temp.asm
            Temp_TimeSlot   0x000304    program     static H:\Microprocessors\Project Temp\TempControl.X\Temp.asm
               Temp_setup   0x000210    program     extern H:\Microprocessors\Project Temp\TempControl.X\Temp.asm
             TimeSlotInit   0x000346    program     static H:\Microprocessors\Project Temp\TempControl.X\Temp.asm
                   Write0   0x00032c    program     static H:\Microprocessors\Project Temp\TempControl.X\Temp.asm
                   Write1   0x000312    program     static H:\Microprocessors\Project Temp\TempControl.X\Temp.asm
                 bigdelay   0x000378    program     static H:\Microprocessors\Project Temp\TempControl.X\Temp.asm
                    delay   0x000372    program     static H:\Microprocessors\Project Temp\TempControl.X\Temp.asm
                    dloop   0x00037a    program     static H:\Microprocessors\Project Temp\TempControl.X\Temp.asm
                   lcdlp1   0x000208    program     static H:\Microprocessors\Project Temp\TempControl.X\LCD.asm
                   lcdlp2   0x0001e6    program     static H:\Microprocessors\Project Temp\TempControl.X\LCD.asm
                     loop   0x0003be    program     static H:\Microprocessors\Project Temp\TempControl.X\TempControl.asm
                    loop1   0x00041e    program     static H:\Microprocessors\Project Temp\TempControl.X\TempControl.asm
                    loop2   0x0003f6    program     static H:\Microprocessors\Project Temp\TempControl.X\TempControl.asm
                  myTabl3   0x00043e    program     static H:\Microprocessors\Project Temp\TempControl.X\TempControl.asm
                  myTabl4   0x000444    program     static H:\Microprocessors\Project Temp\TempControl.X\TempControl.asm
                  myTable   0x000438    program     static H:\Microprocessors\Project Temp\TempControl.X\TempControl.asm
                    setup   0x000382    program     static H:\Microprocessors\Project Temp\TempControl.X\TempControl.asm
                    start   0x00038e    program     static H:\Microprocessors\Project Temp\TempControl.X\TempControl.asm
                     stop   0x000436    program     static H:\Microprocessors\Project Temp\TempControl.X\TempControl.asm
                    Char1   0x000008       data     static H:\Microprocessors\Project Temp\TempControl.X\TempControl.asm
                    Char2   0x000009       data     static H:\Microprocessors\Project Temp\TempControl.X\TempControl.asm
                LCD_cnt_h   0x00000b       data     static H:\Microprocessors\Project Temp\TempControl.X\LCD.asm
                LCD_cnt_l   0x00000a       data     static H:\Microprocessors\Project Temp\TempControl.X\LCD.asm
               LCD_cnt_ms   0x00000c       data     static H:\Microprocessors\Project Temp\TempControl.X\LCD.asm
              LCD_counter   0x00000e       data     static H:\Microprocessors\Project Temp\TempControl.X\LCD.asm
             LCD_counter2   0x000013       data     static H:\Microprocessors\Project Temp\TempControl.X\LCD.asm
              LCD_hex_tmp   0x000011       data     static H:\Microprocessors\Project Temp\TempControl.X\LCD.asm
                    LCD_k   0x00000f       data     static H:\Microprocessors\Project Temp\TempControl.X\LCD.asm
                  LCD_len   0x000014       data     static H:\Microprocessors\Project Temp\TempControl.X\LCD.asm
                  LCD_tmp   0x00000d       data     static H:\Microprocessors\Project Temp\TempControl.X\LCD.asm
                Temp_Half   0x000012       data     static H:\Microprocessors\Project Temp\TempControl.X\LCD.asm
                Temp_cnt1   0x000000       data     static H:\Microprocessors\Project Temp\TempControl.X\Temp.asm
                Temp_cnt2   0x000001       data     static H:\Microprocessors\Project Temp\TempControl.X\Temp.asm
              Write0_high   0x000004       data     static H:\Microprocessors\Project Temp\TempControl.X\Temp.asm
               Write0_low   0x000005       data     static H:\Microprocessors\Project Temp\TempControl.X\Temp.asm
              Write1_high   0x000002       data     static H:\Microprocessors\Project Temp\TempControl.X\Temp.asm
               Write1_low   0x000003       data     static H:\Microprocessors\Project Temp\TempControl.X\Temp.asm
                  counter   0x000006       data     static H:\Microprocessors\Project Temp\TempControl.X\TempControl.asm
              delay_count   0x000007       data     static H:\Microprocessors\Project Temp\TempControl.X\TempControl.asm
                  myArray   0x000400       data     static H:\Microprocessors\Project Temp\TempControl.X\TempControl.asm



                              Symbols - Sorted by Address
                     Name    Address   Location    Storage File                     
                ---------  ---------  ---------  --------- ---------                
                LCD_Setup   0x000006    program     extern H:\Microprocessors\Project Temp\TempControl.X\LCD.asm
            LCD_Write_Dec   0x00005c    program     extern H:\Microprocessors\Project Temp\TempControl.X\LCD.asm
                LCD_Multi   0x0000f8    program     static H:\Microprocessors\Project Temp\TempControl.X\LCD.asm
                   LCD_.5   0x000130    program     extern H:\Microprocessors\Project Temp\TempControl.X\LCD.asm
                    LCD_1   0x000138    program     extern H:\Microprocessors\Project Temp\TempControl.X\LCD.asm
            LCD_Write_Hex   0x000142    program     extern H:\Microprocessors\Project Temp\TempControl.X\LCD.asm
              LCD_Hex_Nib   0x00014c    program     static H:\Microprocessors\Project Temp\TempControl.X\LCD.asm
        LCD_Write_Message   0x000160    program     extern H:\Microprocessors\Project Temp\TempControl.X\LCD.asm
         LCD_Loop_message   0x000168    program     static H:\Microprocessors\Project Temp\TempControl.X\LCD.asm
                LCD_Clear   0x000174    program     extern H:\Microprocessors\Project Temp\TempControl.X\LCD.asm
          LCD_Send_Byte_I   0x000182    program     static H:\Microprocessors\Project Temp\TempControl.X\LCD.asm
          LCD_Send_Byte_D   0x00019e    program     extern H:\Microprocessors\Project Temp\TempControl.X\LCD.asm
               LCD_Enable   0x0001c0    program     static H:\Microprocessors\Project Temp\TempControl.X\LCD.asm
             LCD_delay_ms   0x0001e4    program     static H:\Microprocessors\Project Temp\TempControl.X\LCD.asm
                   lcdlp2   0x0001e6    program     static H:\Microprocessors\Project Temp\TempControl.X\LCD.asm
           LCD_delay_x4us   0x0001f2    program     static H:\Microprocessors\Project Temp\TempControl.X\LCD.asm
                LCD_delay   0x000206    program     static H:\Microprocessors\Project Temp\TempControl.X\LCD.asm
                   lcdlp1   0x000208    program     static H:\Microprocessors\Project Temp\TempControl.X\LCD.asm
               Temp_setup   0x000210    program     extern H:\Microprocessors\Project Temp\TempControl.X\Temp.asm
                Temp_Read   0x000232    program     extern H:\Microprocessors\Project Temp\TempControl.X\Temp.asm
             Temp_ReadROM   0x000250    program     extern H:\Microprocessors\Project Temp\TempControl.X\Temp.asm
             Temp_SkipROM   0x000272    program     extern H:\Microprocessors\Project Temp\TempControl.X\Temp.asm
            Temp_ConvertT   0x000294    program     extern H:\Microprocessors\Project Temp\TempControl.X\Temp.asm
      Temp_ReadScratchpad   0x0002b6    program     extern H:\Microprocessors\Project Temp\TempControl.X\Temp.asm
       Temp_ReadTimeSlots   0x0002d8    program     extern H:\Microprocessors\Project Temp\TempControl.X\Temp.asm
       Serial_to_Parallel   0x0002fc    program     static H:\Microprocessors\Project Temp\TempControl.X\Temp.asm
            Temp_TimeSlot   0x000304    program     static H:\Microprocessors\Project Temp\TempControl.X\Temp.asm
                   Write1   0x000312    program     static H:\Microprocessors\Project Temp\TempControl.X\Temp.asm
                   Write0   0x00032c    program     static H:\Microprocessors\Project Temp\TempControl.X\Temp.asm
             TimeSlotInit   0x000346    program     static H:\Microprocessors\Project Temp\TempControl.X\Temp.asm
                    delay   0x000372    program     static H:\Microprocessors\Project Temp\TempControl.X\Temp.asm
                 bigdelay   0x000378    program     static H:\Microprocessors\Project Temp\TempControl.X\Temp.asm
                    dloop   0x00037a    program     static H:\Microprocessors\Project Temp\TempControl.X\Temp.asm
                    setup   0x000382    program     static H:\Microprocessors\Project Temp\TempControl.X\TempControl.asm
                    start   0x00038e    program     static H:\Microprocessors\Project Temp\TempControl.X\TempControl.asm
                     loop   0x0003be    program     static H:\Microprocessors\Project Temp\TempControl.X\TempControl.asm
                    loop2   0x0003f6    program     static H:\Microprocessors\Project Temp\TempControl.X\TempControl.asm
                    loop1   0x00041e    program     static H:\Microprocessors\Project Temp\TempControl.X\TempControl.asm
                     stop   0x000436    program     static H:\Microprocessors\Project Temp\TempControl.X\TempControl.asm
                  myTable   0x000438    program     static H:\Microprocessors\Project Temp\TempControl.X\TempControl.asm
                  myTabl3   0x00043e    program     static H:\Microprocessors\Project Temp\TempControl.X\TempControl.asm
                  myTabl4   0x000444    program     static H:\Microprocessors\Project Temp\TempControl.X\TempControl.asm
                Temp_cnt1   0x000000       data     static H:\Microprocessors\Project Temp\TempControl.X\Temp.asm
                Temp_cnt2   0x000001       data     static H:\Microprocessors\Project Temp\TempControl.X\Temp.asm
              Write1_high   0x000002       data     static H:\Microprocessors\Project Temp\TempControl.X\Temp.asm
               Write1_low   0x000003       data     static H:\Microprocessors\Project Temp\TempControl.X\Temp.asm
              Write0_high   0x000004       data     static H:\Microprocessors\Project Temp\TempControl.X\Temp.asm
               Write0_low   0x000005       data     static H:\Microprocessors\Project Temp\TempControl.X\Temp.asm
                  counter   0x000006       data     static H:\Microprocessors\Project Temp\TempControl.X\TempControl.asm
              delay_count   0x000007       data     static H:\Microprocessors\Project Temp\TempControl.X\TempControl.asm
                    Char1   0x000008       data     static H:\Microprocessors\Project Temp\TempControl.X\TempControl.asm
                    Char2   0x000009       data     static H:\Microprocessors\Project Temp\TempControl.X\TempControl.asm
                LCD_cnt_l   0x00000a       data     static H:\Microprocessors\Project Temp\TempControl.X\LCD.asm
                LCD_cnt_h   0x00000b       data     static H:\Microprocessors\Project Temp\TempControl.X\LCD.asm
               LCD_cnt_ms   0x00000c       data     static H:\Microprocessors\Project Temp\TempControl.X\LCD.asm
                  LCD_tmp   0x00000d       data     static H:\Microprocessors\Project Temp\TempControl.X\LCD.asm
              LCD_counter   0x00000e       data     static H:\Microprocessors\Project Temp\TempControl.X\LCD.asm
                    LCD_k   0x00000f       data     static H:\Microprocessors\Project Temp\TempControl.X\LCD.asm
              LCD_hex_tmp   0x000011       data     static H:\Microprocessors\Project Temp\TempControl.X\LCD.asm
                Temp_Half   0x000012       data     static H:\Microprocessors\Project Temp\TempControl.X\LCD.asm
             LCD_counter2   0x000013       data     static H:\Microprocessors\Project Temp\TempControl.X\LCD.asm
                  LCD_len   0x000014       data     static H:\Microprocessors\Project Temp\TempControl.X\LCD.asm
                  myArray   0x000400       data     static H:\Microprocessors\Project Temp\TempControl.X\TempControl.asm


